yum
burgers
yum
burgers
yum
burgers
yum
burgers
yum
burgers
