Hello World

)
!@#$%^&*()-=_+,./?<>~`'
234.432
5+4
6
hello
