monarch butterflies are pretty if this prints 1:
1
